 
****************************************
Report : area
Design : CINI_HPC2
Version: E-2010.12-SP2
Date   : Thu Apr 28 11:29:49 2022
****************************************

Library(s) Used:

    NangateOpenCellLibrary (File: /usr/flow/designkits/synthesis/nangate_45nm/NangateopenCellLibrary_fast.db)

Number of ports:                           44
Number of nets:                           571
Number of cells:                          540
Number of combinational cells:            372
Number of sequential cells:               168
Number of macros:                           0
Number of buf/inv:                         36
Number of references:                       7

Combinational area:        405.383994
Noncombinational area:     759.695972
Net Interconnect area:      undefined  (Wire load has zero net area)

Total cell area:          1165.079967
Total area:                 undefined

Hierarchical area distribution
------------------------------

                                  Global cell area          Local cell area
                                  ------------------  --------------------------- 
Hierarchical cell                 Absolute   Percent  Combi-    Noncombi-  Black
                                  Total      Total    national  national   boxes   Design
--------------------------------  ---------  -------  --------  ---------  ------  ---------
CINI_HPC2                         1165.0778    100.0  405.3836   759.6948  0.0000  CINI_HPC2
--------------------------------  ---------  -------  --------  ---------  ------  ---------
Total                                                 405.3836   759.6948  0.0000

1
