 
****************************************
Report : area
Design : CINI_HPC2
Version: E-2010.12-SP2
Date   : Thu Apr 28 11:26:59 2022
****************************************

Library(s) Used:

    NangateOpenCellLibrary (File: /usr/flow/designkits/synthesis/nangate_45nm/NangateopenCellLibrary_fast.db)

Number of ports:                           45
Number of nets:                           464
Number of cells:                          434
Number of combinational cells:            350
Number of sequential cells:                84
Number of macros:                           0
Number of buf/inv:                         14
Number of references:                       7

Combinational area:        381.975994
Noncombinational area:     379.847986
Net Interconnect area:      undefined  (Wire load has zero net area)

Total cell area:           761.823980
Total area:                 undefined

Hierarchical area distribution
------------------------------

                                  Global cell area          Local cell area
                                  ------------------  --------------------------- 
Hierarchical cell                 Absolute   Percent  Combi-    Noncombi-  Black
                                  Total      Total    national  national   boxes   Design
--------------------------------  ---------  -------  --------  ---------  ------  ---------
CINI_HPC2                          761.8229    100.0  381.9763   379.8482  0.0000  CINI_HPC2
--------------------------------  ---------  -------  --------  ---------  ------  ---------
Total                                                 381.9763   379.8482  0.0000

1
